>>> add_integer = __import__('0-add_integer').add_integer
>>> add_integer(3, 4)
7
>>> add_integer(-3, 4)
1
>>> add_integer(-3, -4)
-7
>>> add_integer(-3, )
95
>>> add_integer("string", 3)
Traceback (most recent call last):
...
TypeError: a must be an integer
>>> add_integer(3, "string")
Traceback (most recent call last):
...
TypeError: b must be an integer
>>> add_integer(3)
101
>>> add_integer(30.5, 40.6)
70
