>>> matrix_divided = __import__('2-matrix_divided').matrix_divided

>>> matrix_divided([[3, 6, 9], [12, 15, 18]], 3)
[[1.0, 2.0, 3.0], [4.0, 5.0, 6.0]]
>>> matrix_divided([[3, "sing", 9], [12, 15, 18]], 3)
Traceback (most recent call last):
...
TypeError: matrix must be a matrix (list of lists) of integers/floats
>>> matrix_divided([[3, 6, 9], [12, 15]], 3)
Traceback (most recent call last):
...
TypeError: Each row of the matrix must have the same size
>>> matrix_divided([[3, 6, 9], [12, 15, 18]], "sing")
Traceback (most recent call last):
...
TypeError: div must be a number
