>>> say_my_name = __import__('3-say_my_name').say_my_name

>>> say_my_name("Mat", "Matata")
My name is Mat Matata
>>> say_my_name(2, "Thing")
Traceback (most recent call last):
...
TypeError: first_name must be a string
>>> say_my_name(3, 4)
Traceback (most recent call last):
...
TypeError: first_name must be a string
>>> say_my_name("Thing")
My name is Thing 
