>>> text_indentation = __import__('5-text_indentation').text_indentation

>>> text_indentation("lov:e")
lov:
<BLANKLINE>
e
>>> text_indentation(3)
Traceback (most recent call last):
...
TypeError: text must be a string
>>> text_indentation("lov,e")
lov,e
>>> text_indentation("lov?e")
lov?
<BLANKLINE>
e
